// Jest Snapshot v1, https://goo.gl/fbAQLP

exports[`getChangedState correctness tests should handle Redux-style state changes 1`] = `
{
  "todos": [
    {
      "completed": true,
      "id": 1,
      "text": "Learn React",
    },
    {
      "completed": true,
      "id": 2,
      "text": "Learn Redux",
    },
    {
      "completed": false,
      "id": 3,
      "text": "Learn Testing",
    },
  ],
  "user": {
    "profile": {
      "avatar": "new.jpg",
    },
  },
  "visibilityFilter": "SHOW_COMPLETED",
}
`;

exports[`getChangedState correctness tests should handle added keys 1`] = `
{
  "c": 3,
}
`;

exports[`getChangedState correctness tests should handle arrays as primitive values 1`] = `
{
  "list": [
    1,
    2,
    3,
    4,
  ],
}
`;

exports[`getChangedState correctness tests should handle changed keys 1`] = `
{
  "b": 5,
}
`;

exports[`getChangedState correctness tests should handle deeply nested changes within depth limit 1`] = `
{
  "level1": {
    "level2": {
      "level3": {
        "value": "new",
      },
    },
  },
}
`;

exports[`getChangedState correctness tests should handle depth limit respected 1`] = `
{
  "l1": {
    "l2": "max depth reached, checking for changed value",
  },
}
`;

exports[`getChangedState correctness tests should handle empty objects 1`] = `
{
  "a": 1,
}
`;

exports[`getChangedState correctness tests should handle identical states 1`] = `{}`;

exports[`getChangedState correctness tests should handle mixed data types 1`] = `
{
  "array": [
    4,
    5,
    6,
  ],
  "boolean": false,
  "nullValue": "not null",
  "object": {
    "nested": "changed",
  },
  "string": "world",
  "undefinedValue": "defined",
}
`;

exports[`getChangedState correctness tests should handle nested object changes 1`] = `
{
  "settings": {
    "theme": "light",
  },
  "user": {
    "age": 31,
  },
}
`;

exports[`getChangedState correctness tests should handle null and undefined values 1`] = `
{
  "a": "changed",
  "b": "defined",
  "c": null,
}
`;

exports[`getChangedState correctness tests should handle number vs boolean (non-object input) 1`] = `{}`;

exports[`getChangedState correctness tests should handle object vs null (non-object input) 1`] = `{}`;

exports[`getChangedState correctness tests should handle removed keys 1`] = `
{
  "c": 3,
}
`;

exports[`getChangedState correctness tests should handle string vs object (non-object input) 1`] = `{}`;
