// Jest Snapshot v1, https://goo.gl/fbAQLP

exports[`posthog core __compress_and_send_json_request handles base64 compression 1`] = `
Array [
  Array [
    "/e/",
    Object {
      "data": "eyJsYXJnZV9rZXkiOiJhYmNhYmNhYmNhYmNhYmNhYmNhYmNhYmNhYmNhYmNhYmNhYmNhYmNhYmNhYmNhYmNhYmNhYmNhYmNhYmNhYmNhYmNhYmNhYmNhYmNhYmNhYmNhYmNhYmNhYmNhYmNhYmNhYmNhYmNhYmNhYmNhYmNhYmNhYmNhYmNhYmNhYmNhYmNhYmNhYmNhYmNhYmNhYmNhYmNhYmNhYmNhYmNhYmNhYmNhYmNhYmNhYmNhYmNhYmNhYmNhYmNhYmNhYmNhYmNhYmNhYmNhYmNhYmNhYmNhYmNhYmNhYmNhYmNhYmNhYmNhYmNhYmNhYmNhYmNhYmNhYmNhYmNhYmNhYmNhYmNhYmNhYmNhYmNhYmNhYmNhYmNhYmNhYmNhYmNhYmNhYmNhYmNhYmNhYmNhYmNhYmNhYmNhYmNhYmNhYmNhYmNhYmNhYmNhYmNhYmNhYmNhYmNhYmNhYmNhYmNhYmNhYmNhYmNhYmNhYmNhYmNhYmNhYmNhYmNhYmNhYmNhYmNhYmNhYmNhYmNhYmNhYmNhYmNhYmNhYmNhYmNhYmNhYmNhYmNhYmNhYmNhYmNhYmNhYmNhYmNhYmNhYmNhYmNhYmNhYmNhYmNhYmNhYmNhYmNhYmNhYmNhYmNhYmNhYmNhYmNhYmNhYmNhYmNhYmNhYmNhYmNhYmNhYmNhYmNhYmNhYmNhYmNhYmNhYmNhYmNhYmNhYmNhYmNhYmNhYmNhYmNhYmNhYmNhYmNhYmNhYmNhYmNhYmNhYmNhYmNhYmNhYmNhYmNhYmNhYmNhYmNhYmNhYmNhYmNhYmNhYmNhYmNhYmNhYmNhYmNhYmNhYmNhYmNhYmNhYmNhYmNhYmNhYmNhYmNhYmNhYmNhYmNhYmNhYmNhYmNhYmNhYmNhYmNhYmNhYmNhYmNhYmNhYmNhYmNhYmNhYmNhYmNhYmNhYmNhYmNhYmNhYmNhYmNhYmNhYmNhYmNhYmNhYmNhYmNhYmNhYmNhYmNhYmNhYmNhYmNhYmNhYmNhYmNhYmNhYmNhYmNhYmNhYmNhYmNhYmNhYmNhYmNhYmNhYmNhYmNhYmNhYmNhYmNhYmNhYmNhYmNhYmNhYmNhYmNhYmNhYmNhYmNhYmNhYmNhYmNhYmNhYmNhYmNhYmNhYmNhYmNhYmNhYmNhYmNhYmNhYmNhYmNhYmNhYmNhYmNhYmNhYmNhYmNhYmNhYmNhYmNhYmNhYmNhYmNhYmNhYmNhYmNhYmNhYmNhYmNhYmNhYmNhYmNhYmNhYmNhYmNhYmNhYmNhYmNhYmNhYmNhYmNhYmNhYmNhYmNhYmNhYmNhYmNhYmNhYmNhYmNhYmNhYmNhYmNhYmNhYmNhYmNhYmNhYmNhYmNhYmNhYmNhYmNhYmNhYmNhYmNhYmNhYmNhYmNhYmNhYmNhYmNhYmNhYmNhYmNhYmNhYmNhYmNhYmNhYmNhYmNhYmNhYmNhYmNhYmNhYmNhYmNhYmNhYmNhYmNhYmNhYmNhYmNhYmNhYmNhYmNhYmNhYmNhYmNhYmNhYmNhYmNhYmNhYmNhYmNhYmNhYmNhYmNhYmNhYmNhYmNhYmNhYmNhYmNhYmNhYmNhYmNhYmNhYmNhYmNhYmNhYmNhYmNhYmNhYmNhYmNhYmNhYmNhYmNhYmNhYmNhYmNhYmNhYmNhYmNhYmNhYmNhYmNhYmNhYmNhYmNhYmNhYmNhYmNhYmNhYmNhYmNhYmNhYmNhYmNhYmNhYmNhYmNhYmNhYmNhYmNhYmNhYmNhYmNhYmNhYmNhYmNhYmNhYmNhYmNhYmNhYmNhYmNhYmNhYmNhYmNhYmNhYmNhYmNhYmNhYmNhYmNhYmNhYmNhYmNhYmNhYmNhYmNhYmNhYmNhYmNhYmNhYmNhYmNhYmNhYmNhYmNhYmNhYmNhYmNhYmNhYmNhYmNhYmNhYmNhYmNhYmNhYmNhYmNhYmNhYmNhYmNhYmNhYmNhYmNhYmNhYmNhYmNhYmNhYmNhYmNhYmNhYmNhYmMifQ==",
    },
    undefined,
    [MockFunction],
  ],
]
`;
